::1 - - [07/Apr/2019:02:54:29 +0000] "GET /admin/login HTTP/1.1" 302 58 "-" "Mozilla/5.0 (Windows NT 10.0; Win64; x64) AppleWebKit/537.36 (KHTML, like Gecko) Chrome/72.0.3626.109 Safari/537.36"
::1 - - [07/Apr/2019:02:54:29 +0000] "GET /admin/login HTTP/1.1" 302 58 "-" "Mozilla/5.0 (Windows NT 10.0; Win64; x64) AppleWebKit/537.36 (KHTML, like Gecko) Chrome/72.0.3626.109 Safari/537.36"
::1 - - [07/Apr/2019:02:54:29 +0000] "GET /admin/login HTTP/1.1" 302 58 "-" "Mozilla/5.0 (Windows NT 10.0; Win64; x64) AppleWebKit/537.36 (KHTML, like Gecko) Chrome/72.0.3626.109 Safari/537.36"
::1 - - [07/Apr/2019:02:54:29 +0000] "GET /admin/login HTTP/1.1" 302 58 "-" "Mozilla/5.0 (Windows NT 10.0; Win64; x64) AppleWebKit/537.36 (KHTML, like Gecko) Chrome/72.0.3626.109 Safari/537.36"
::1 - - [07/Apr/2019:02:54:29 +0000] "GET /admin/login HTTP/1.1" 302 58 "-" "Mozilla/5.0 (Windows NT 10.0; Win64; x64) AppleWebKit/537.36 (KHTML, like Gecko) Chrome/72.0.3626.109 Safari/537.36"
::1 - - [07/Apr/2019:02:54:29 +0000] "GET /admin/login HTTP/1.1" 302 58 "-" "Mozilla/5.0 (Windows NT 10.0; Win64; x64) AppleWebKit/537.36 (KHTML, like Gecko) Chrome/72.0.3626.109 Safari/537.36"
::1 - - [07/Apr/2019:02:54:29 +0000] "GET /admin/login HTTP/1.1" 302 58 "-" "Mozilla/5.0 (Windows NT 10.0; Win64; x64) AppleWebKit/537.36 (KHTML, like Gecko) Chrome/72.0.3626.109 Safari/537.36"
::1 - - [07/Apr/2019:02:54:29 +0000] "GET /admin/login HTTP/1.1" 302 58 "-" "Mozilla/5.0 (Windows NT 10.0; Win64; x64) AppleWebKit/537.36 (KHTML, like Gecko) Chrome/72.0.3626.109 Safari/537.36"
::1 - - [07/Apr/2019:02:54:29 +0000] "GET /admin/login HTTP/1.1" 302 58 "-" "Mozilla/5.0 (Windows NT 10.0; Win64; x64) AppleWebKit/537.36 (KHTML, like Gecko) Chrome/72.0.3626.109 Safari/537.36"
::1 - - [07/Apr/2019:02:54:29 +0000] "GET /admin/login HTTP/1.1" 302 58 "-" "Mozilla/5.0 (Windows NT 10.0; Win64; x64) AppleWebKit/537.36 (KHTML, like Gecko) Chrome/72.0.3626.109 Safari/537.36"
::1 - - [07/Apr/2019:02:54:29 +0000] "GET /admin/login HTTP/1.1" 302 58 "-" "Mozilla/5.0 (Windows NT 10.0; Win64; x64) AppleWebKit/537.36 (KHTML, like Gecko) Chrome/72.0.3626.109 Safari/537.36"
::1 - - [07/Apr/2019:02:54:29 +0000] "GET /admin/login HTTP/1.1" 302 58 "-" "Mozilla/5.0 (Windows NT 10.0; Win64; x64) AppleWebKit/537.36 (KHTML, like Gecko) Chrome/72.0.3626.109 Safari/537.36"
::1 - - [07/Apr/2019:02:54:29 +0000] "GET /admin/login HTTP/1.1" 302 58 "-" "Mozilla/5.0 (Windows NT 10.0; Win64; x64) AppleWebKit/537.36 (KHTML, like Gecko) Chrome/72.0.3626.109 Safari/537.36"
::1 - - [07/Apr/2019:02:54:29 +0000] "GET /admin/login HTTP/1.1" 302 58 "-" "Mozilla/5.0 (Windows NT 10.0; Win64; x64) AppleWebKit/537.36 (KHTML, like Gecko) Chrome/72.0.3626.109 Safari/537.36"
::1 - - [07/Apr/2019:02:54:29 +0000] "GET /admin/login HTTP/1.1" 302 58 "-" "Mozilla/5.0 (Windows NT 10.0; Win64; x64) AppleWebKit/537.36 (KHTML, like Gecko) Chrome/72.0.3626.109 Safari/537.36"
::1 - - [07/Apr/2019:02:54:29 +0000] "GET /admin/login HTTP/1.1" 302 58 "-" "Mozilla/5.0 (Windows NT 10.0; Win64; x64) AppleWebKit/537.36 (KHTML, like Gecko) Chrome/72.0.3626.109 Safari/537.36"
::1 - - [07/Apr/2019:02:54:29 +0000] "GET /admin/login HTTP/1.1" 302 58 "-" "Mozilla/5.0 (Windows NT 10.0; Win64; x64) AppleWebKit/537.36 (KHTML, like Gecko) Chrome/72.0.3626.109 Safari/537.36"
::1 - - [07/Apr/2019:02:54:29 +0000] "GET /admin/login HTTP/1.1" 302 58 "-" "Mozilla/5.0 (Windows NT 10.0; Win64; x64) AppleWebKit/537.36 (KHTML, like Gecko) Chrome/72.0.3626.109 Safari/537.36"
::1 - - [07/Apr/2019:02:55:29 +0000] "GET /admin/login HTTP/1.1" 302 58 "-" "Mozilla/5.0 (Windows NT 10.0; Win64; x64) AppleWebKit/537.36 (KHTML, like Gecko) Chrome/72.0.3626.109 Safari/537.36"
::1 - - [07/Apr/2019:02:55:29 +0000] "GET /admin/login HTTP/1.1" 302 58 "-" "Mozilla/5.0 (Windows NT 10.0; Win64; x64) AppleWebKit/537.36 (KHTML, like Gecko) Chrome/72.0.3626.109 Safari/537.36"
::1 - - [07/Apr/2019:02:55:29 +0000] "GET /admin/login HTTP/1.1" 302 58 "-" "Mozilla/5.0 (Windows NT 10.0; Win64; x64) AppleWebKit/537.36 (KHTML, like Gecko) Chrome/72.0.3626.109 Safari/537.36"
::1 - - [07/Apr/2019:02:55:29 +0000] "GET /admin/login HTTP/1.1" 302 58 "-" "Mozilla/5.0 (Windows NT 10.0; Win64; x64) AppleWebKit/537.36 (KHTML, like Gecko) Chrome/72.0.3626.109 Safari/537.36"
::1 - - [07/Apr/2019:02:55:29 +0000] "GET /admin/login HTTP/1.1" 302 58 "-" "Mozilla/5.0 (Windows NT 10.0; Win64; x64) AppleWebKit/537.36 (KHTML, like Gecko) Chrome/72.0.3626.109 Safari/537.36"
::1 - - [07/Apr/2019:02:55:29 +0000] "GET /admin/login HTTP/1.1" 302 58 "-" "Mozilla/5.0 (Windows NT 10.0; Win64; x64) AppleWebKit/537.36 (KHTML, like Gecko) Chrome/72.0.3626.109 Safari/537.36"
::1 - - [07/Apr/2019:02:55:29 +0000] "GET /admin/login HTTP/1.1" 302 58 "-" "Mozilla/5.0 (Windows NT 10.0; Win64; x64) AppleWebKit/537.36 (KHTML, like Gecko) Chrome/72.0.3626.109 Safari/537.36"
::1 - - [07/Apr/2019:02:55:29 +0000] "GET /admin/login HTTP/1.1" 302 58 "-" "Mozilla/5.0 (Windows NT 10.0; Win64; x64) AppleWebKit/537.36 (KHTML, like Gecko) Chrome/72.0.3626.109 Safari/537.36"
::1 - - [07/Apr/2019:02:55:29 +0000] "GET /admin/login HTTP/1.1" 302 58 "-" "Mozilla/5.0 (Windows NT 10.0; Win64; x64) AppleWebKit/537.36 (KHTML, like Gecko) Chrome/72.0.3626.109 Safari/537.36"
::1 - - [07/Apr/2019:02:55:29 +0000] "GET /admin/login HTTP/1.1" 302 58 "-" "Mozilla/5.0 (Windows NT 10.0; Win64; x64) AppleWebKit/537.36 (KHTML, like Gecko) Chrome/72.0.3626.109 Safari/537.36"
::1 - - [07/Apr/2019:02:55:29 +0000] "GET /admin/login HTTP/1.1" 302 58 "-" "Mozilla/5.0 (Windows NT 10.0; Win64; x64) AppleWebKit/537.36 (KHTML, like Gecko) Chrome/72.0.3626.109 Safari/537.36"
::1 - - [07/Apr/2019:02:55:29 +0000] "GET /admin/login HTTP/1.1" 302 58 "-" "Mozilla/5.0 (Windows NT 10.0; Win64; x64) AppleWebKit/537.36 (KHTML, like Gecko) Chrome/72.0.3626.109 Safari/537.36"
::1 - - [07/Apr/2019:02:55:29 +0000] "GET /admin/login HTTP/1.1" 302 58 "-" "Mozilla/5.0 (Windows NT 10.0; Win64; x64) AppleWebKit/537.36 (KHTML, like Gecko) Chrome/72.0.3626.109 Safari/537.36"
::1 - - [07/Apr/2019:02:55:29 +0000] "GET /admin/login HTTP/1.1" 302 58 "-" "Mozilla/5.0 (Windows NT 10.0; Win64; x64) AppleWebKit/537.36 (KHTML, like Gecko) Chrome/72.0.3626.109 Safari/537.36"
::1 - - [07/Apr/2019:02:55:29 +0000] "GET /admin/login HTTP/1.1" 302 58 "-" "Mozilla/5.0 (Windows NT 10.0; Win64; x64) AppleWebKit/537.36 (KHTML, like Gecko) Chrome/72.0.3626.109 Safari/537.36"
::1 - - [07/Apr/2019:02:55:29 +0000] "GET /admin/login HTTP/1.1" 302 58 "-" "Mozilla/5.0 (Windows NT 10.0; Win64; x64) AppleWebKit/537.36 (KHTML, like Gecko) Chrome/72.0.3626.109 Safari/537.36"
::1 - - [07/Apr/2019:02:55:29 +0000] "GET /admin/login HTTP/1.1" 302 58 "-" "Mozilla/5.0 (Windows NT 10.0; Win64; x64) AppleWebKit/537.36 (KHTML, like Gecko) Chrome/72.0.3626.109 Safari/537.36"
::1 - - [07/Apr/2019:02:55:29 +0000] "GET /admin/login HTTP/1.1" 302 58 "-" "Mozilla/5.0 (Windows NT 10.0; Win64; x64) AppleWebKit/537.36 (KHTML, like Gecko) Chrome/72.0.3626.109 Safari/537.36"
::1 - - [07/Apr/2019:02:55:29 +0000] "GET /admin/login HTTP/1.1" 302 58 "-" "Mozilla/5.0 (Windows NT 10.0; Win64; x64) AppleWebKit/537.36 (KHTML, like Gecko) Chrome/72.0.3626.109 Safari/537.36"
::1 - - [07/Apr/2019:02:55:29 +0000] "GET /admin/login HTTP/1.1" 302 58 "-" "Mozilla/5.0 (Windows NT 10.0; Win64; x64) AppleWebKit/537.36 (KHTML, like Gecko) Chrome/72.0.3626.109 Safari/537.36"
::ffff:127.0.0.1 - - [07/Apr/2019:02:57:01 +0000] "GET /admin/ HTTP/1.1" 302 58 "-" "Mozilla/5.0 (Windows NT 10.0; Win64; x64) AppleWebKit/537.36 (KHTML, like Gecko) Chrome/72.0.3626.109 Safari/537.36"
::ffff:127.0.0.1 - - [07/Apr/2019:02:57:01 +0000] "GET /admin/login HTTP/1.1" 200 1449 "-" "Mozilla/5.0 (Windows NT 10.0; Win64; x64) AppleWebKit/537.36 (KHTML, like Gecko) Chrome/72.0.3626.109 Safari/537.36"
::ffff:127.0.0.1 - - [07/Apr/2019:02:57:06 +0000] "GET /admin/ HTTP/1.1" 302 58 "-" "Mozilla/5.0 (Windows NT 10.0; Win64; x64) AppleWebKit/537.36 (KHTML, like Gecko) Chrome/72.0.3626.109 Safari/537.36"
::ffff:127.0.0.1 - - [07/Apr/2019:02:57:07 +0000] "GET /admin/login HTTP/1.1" 304 - "-" "Mozilla/5.0 (Windows NT 10.0; Win64; x64) AppleWebKit/537.36 (KHTML, like Gecko) Chrome/72.0.3626.109 Safari/537.36"
::1 - - [07/Apr/2019:02:57:11 +0000] "GET / HTTP/1.1" 404 139 "-" "Mozilla/5.0 (Windows NT 10.0; Win64; x64) AppleWebKit/537.36 (KHTML, like Gecko) Chrome/72.0.3626.109 Safari/537.36"
::1 - - [07/Apr/2019:02:57:15 +0000] "GET /admin/ HTTP/1.1" 302 58 "-" "Mozilla/5.0 (Windows NT 10.0; Win64; x64) AppleWebKit/537.36 (KHTML, like Gecko) Chrome/72.0.3626.109 Safari/537.36"
::1 - - [07/Apr/2019:02:57:15 +0000] "GET /admin/login HTTP/1.1" 304 - "-" "Mozilla/5.0 (Windows NT 10.0; Win64; x64) AppleWebKit/537.36 (KHTML, like Gecko) Chrome/72.0.3626.109 Safari/537.36"
::1 - - [07/Apr/2019:02:57:27 +0000] "POST /admin/login HTTP/1.1" 200 33 "http://localhost:8080/admin/login" "Mozilla/5.0 (Windows NT 10.0; Win64; x64) AppleWebKit/537.36 (KHTML, like Gecko) Chrome/72.0.3626.109 Safari/537.36"
::1 - - [07/Apr/2019:02:57:33 +0000] "POST /admin/login HTTP/1.1" 200 33 "http://localhost:8080/admin/login" "Mozilla/5.0 (Windows NT 10.0; Win64; x64) AppleWebKit/537.36 (KHTML, like Gecko) Chrome/72.0.3626.109 Safari/537.36"
::1 - - [07/Apr/2019:02:57:36 +0000] "POST /admin/login HTTP/1.1" 200 33 "http://localhost:8080/admin/login" "Mozilla/5.0 (Windows NT 10.0; Win64; x64) AppleWebKit/537.36 (KHTML, like Gecko) Chrome/72.0.3626.109 Safari/537.36"
::1 - - [07/Apr/2019:02:57:39 +0000] "GET /admin/login HTTP/1.1" 200 1449 "-" "Mozilla/5.0 (Windows NT 10.0; Win64; x64) AppleWebKit/537.36 (KHTML, like Gecko) Chrome/72.0.3626.109 Safari/537.36"
::1 - - [07/Apr/2019:02:57:47 +0000] "POST /admin/login HTTP/1.1" 200 33 "http://localhost:8080/admin/login" "Mozilla/5.0 (Windows NT 10.0; Win64; x64) AppleWebKit/537.36 (KHTML, like Gecko) Chrome/72.0.3626.109 Safari/537.36"
::1 - - [07/Apr/2019:02:57:47 +0000] "GET /admin/index HTTP/1.1" 304 - "http://localhost:8080/admin/login" "Mozilla/5.0 (Windows NT 10.0; Win64; x64) AppleWebKit/537.36 (KHTML, like Gecko) Chrome/72.0.3626.109 Safari/537.36"
::ffff:127.0.0.1 - - [07/Apr/2019:02:57:55 +0000] "GET /admin/menu HTTP/1.1" 302 58 "http://localhost:8080/admin/index" "Mozilla/5.0 (Windows NT 10.0; Win64; x64) AppleWebKit/537.36 (KHTML, like Gecko) Chrome/72.0.3626.109 Safari/537.36"
::ffff:127.0.0.1 - - [07/Apr/2019:02:57:55 +0000] "GET /admin/login HTTP/1.1" 200 1449 "http://localhost:8080/admin/index" "Mozilla/5.0 (Windows NT 10.0; Win64; x64) AppleWebKit/537.36 (KHTML, like Gecko) Chrome/72.0.3626.109 Safari/537.36"
::1 - - [07/Apr/2019:02:58:49 +0000] "GET /admin/menu HTTP/1.1" 200 1525 "-" "Mozilla/5.0 (Windows NT 10.0; Win64; x64) AppleWebKit/537.36 (KHTML, like Gecko) Chrome/72.0.3626.109 Safari/537.36"
::ffff:127.0.0.1 - - [07/Apr/2019:02:58:49 +0000] "POST /admin/getmenu HTTP/1.1" 302 29 "http://localhost:8080/admin/menu" "Mozilla/5.0 (Windows NT 10.0; Win64; x64) AppleWebKit/537.36 (KHTML, like Gecko) Chrome/72.0.3626.109 Safari/537.36"
::1 - - [07/Apr/2019:02:58:55 +0000] "GET /admin/ HTTP/1.1" 404 145 "-" "Mozilla/5.0 (Windows NT 10.0; Win64; x64) AppleWebKit/537.36 (KHTML, like Gecko) Chrome/72.0.3626.109 Safari/537.36"
::1 - - [07/Apr/2019:02:58:56 +0000] "GET /admin/login HTTP/1.1" 200 1449 "-" "Mozilla/5.0 (Windows NT 10.0; Win64; x64) AppleWebKit/537.36 (KHTML, like Gecko) Chrome/72.0.3626.109 Safari/537.36"
::1 - - [07/Apr/2019:02:58:58 +0000] "GET /admin/index HTTP/1.1" 304 - "-" "Mozilla/5.0 (Windows NT 10.0; Win64; x64) AppleWebKit/537.36 (KHTML, like Gecko) Chrome/72.0.3626.109 Safari/537.36"
::ffff:127.0.0.1 - - [07/Apr/2019:02:59:00 +0000] "GET /admin/menu HTTP/1.1" 302 58 "http://localhost:8080/admin/index" "Mozilla/5.0 (Windows NT 10.0; Win64; x64) AppleWebKit/537.36 (KHTML, like Gecko) Chrome/72.0.3626.109 Safari/537.36"
::ffff:127.0.0.1 - - [07/Apr/2019:02:59:00 +0000] "GET /admin/login HTTP/1.1" 304 - "http://localhost:8080/admin/index" "Mozilla/5.0 (Windows NT 10.0; Win64; x64) AppleWebKit/537.36 (KHTML, like Gecko) Chrome/72.0.3626.109 Safari/537.36"
::1 - - [07/Apr/2019:02:59:05 +0000] "GET /admin/hahaha HTTP/1.1" 404 151 "http://localhost:8080/admin/index" "Mozilla/5.0 (Windows NT 10.0; Win64; x64) AppleWebKit/537.36 (KHTML, like Gecko) Chrome/72.0.3626.109 Safari/537.36"
::1 - - [07/Apr/2019:02:59:25 +0000] "GET /admin/index HTTP/1.1" 304 - "-" "Mozilla/5.0 (Windows NT 10.0; Win64; x64) AppleWebKit/537.36 (KHTML, like Gecko) Chrome/72.0.3626.109 Safari/537.36"
::ffff:127.0.0.1 - - [07/Apr/2019:02:59:27 +0000] "GET /admin/menu HTTP/1.1" 302 58 "http://localhost:8080/admin/index" "Mozilla/5.0 (Windows NT 10.0; Win64; x64) AppleWebKit/537.36 (KHTML, like Gecko) Chrome/72.0.3626.109 Safari/537.36"
::ffff:127.0.0.1 - - [07/Apr/2019:02:59:27 +0000] "GET /admin/login HTTP/1.1" 304 - "http://localhost:8080/admin/index" "Mozilla/5.0 (Windows NT 10.0; Win64; x64) AppleWebKit/537.36 (KHTML, like Gecko) Chrome/72.0.3626.109 Safari/537.36"
::1 - - [07/Apr/2019:02:59:34 +0000] "GET /admin/menu HTTP/1.1" 304 - "-" "Mozilla/5.0 (Windows NT 10.0; Win64; x64) AppleWebKit/537.36 (KHTML, like Gecko) Chrome/72.0.3626.109 Safari/537.36"
::ffff:127.0.0.1 - - [07/Apr/2019:02:59:35 +0000] "POST /admin/getmenu HTTP/1.1" 302 29 "http://localhost:8080/admin/menu" "Mozilla/5.0 (Windows NT 10.0; Win64; x64) AppleWebKit/537.36 (KHTML, like Gecko) Chrome/72.0.3626.109 Safari/537.36"
::1 - - [07/Apr/2019:02:59:44 +0000] "GET /admin/menu HTTP/1.1" 304 - "-" "Mozilla/5.0 (Windows NT 10.0; Win64; x64) AppleWebKit/537.36 (KHTML, like Gecko) Chrome/72.0.3626.109 Safari/537.36"
::ffff:127.0.0.1 - - [07/Apr/2019:02:59:44 +0000] "POST /admin/getmenu HTTP/1.1" 302 29 "http://localhost:8080/admin/menu" "Mozilla/5.0 (Windows NT 10.0; Win64; x64) AppleWebKit/537.36 (KHTML, like Gecko) Chrome/72.0.3626.109 Safari/537.36"
::1 - - [07/Apr/2019:03:00:48 +0000] "GET /admin/ HTTP/1.1" 404 145 "-" "Mozilla/5.0 (Windows NT 10.0; Win64; x64) AppleWebKit/537.36 (KHTML, like Gecko) Chrome/72.0.3626.109 Safari/537.36"
::ffff:127.0.0.1 - - [07/Apr/2019:03:01:06 +0000] "GET /admin/ HTTP/1.1" 404 145 "-" "Mozilla/5.0 (Windows NT 10.0; Win64; x64) AppleWebKit/537.36 (KHTML, like Gecko) Chrome/72.0.3626.109 Safari/537.36"
::ffff:127.0.0.1 - - [07/Apr/2019:03:01:07 +0000] "GET /admin/index HTTP/1.1" 304 - "-" "Mozilla/5.0 (Windows NT 10.0; Win64; x64) AppleWebKit/537.36 (KHTML, like Gecko) Chrome/72.0.3626.109 Safari/537.36"
::ffff:127.0.0.1 - - [07/Apr/2019:03:01:08 +0000] "GET /admin/menu HTTP/1.1" 200 1525 "http://localhost:8080/admin/index" "Mozilla/5.0 (Windows NT 10.0; Win64; x64) AppleWebKit/537.36 (KHTML, like Gecko) Chrome/72.0.3626.109 Safari/537.36"
::ffff:127.0.0.1 - - [07/Apr/2019:03:01:09 +0000] "POST /admin/getmenu HTTP/1.1" 200 1745 "http://127.0.0.1:8080/admin/menu" "Mozilla/5.0 (Windows NT 10.0; Win64; x64) AppleWebKit/537.36 (KHTML, like Gecko) Chrome/72.0.3626.109 Safari/537.36"
::1 - - [07/Apr/2019:03:01:20 +0000] "GET /admin/index HTTP/1.1" 500 1906 "-" "Mozilla/5.0 (Windows NT 10.0; Win64; x64) AppleWebKit/537.36 (KHTML, like Gecko) Chrome/72.0.3626.109 Safari/537.36"
::1 - - [07/Apr/2019:03:01:24 +0000] "GET /admin/ HTTP/1.1" 404 145 "-" "Mozilla/5.0 (Windows NT 10.0; Win64; x64) AppleWebKit/537.36 (KHTML, like Gecko) Chrome/72.0.3626.109 Safari/537.36"
::1 - - [07/Apr/2019:03:01:27 +0000] "GET /admin/ HTTP/1.1" 404 145 "-" "Mozilla/5.0 (Windows NT 10.0; Win64; x64) AppleWebKit/537.36 (KHTML, like Gecko) Chrome/72.0.3626.109 Safari/537.36"
::1 - - [07/Apr/2019:03:02:13 +0000] "GET /admin/ HTTP/1.1" 302 58 "-" "Mozilla/5.0 (Windows NT 10.0; Win64; x64) AppleWebKit/537.36 (KHTML, like Gecko) Chrome/72.0.3626.109 Safari/537.36"
::ffff:127.0.0.1 - - [07/Apr/2019:03:02:13 +0000] "GET /admin/ HTTP/1.1" 302 58 "-" "Mozilla/5.0 (Windows NT 10.0; Win64; x64) AppleWebKit/537.36 (KHTML, like Gecko) Chrome/72.0.3626.109 Safari/537.36"
::1 - - [07/Apr/2019:03:02:27 +0000] "POST /admin/login HTTP/1.1" 200 33 "http://localhost:8080/admin/login" "Mozilla/5.0 (Windows NT 10.0; Win64; x64) AppleWebKit/537.36 (KHTML, like Gecko) Chrome/72.0.3626.109 Safari/537.36"
::1 - - [07/Apr/2019:03:02:33 +0000] "POST /admin/login HTTP/1.1" 200 33 "http://localhost:8080/admin/login" "Mozilla/5.0 (Windows NT 10.0; Win64; x64) AppleWebKit/537.36 (KHTML, like Gecko) Chrome/72.0.3626.109 Safari/537.36"
::1 - - [07/Apr/2019:03:02:33 +0000] "GET /admin/index HTTP/1.1" 200 8251 "http://localhost:8080/admin/login" "Mozilla/5.0 (Windows NT 10.0; Win64; x64) AppleWebKit/537.36 (KHTML, like Gecko) Chrome/72.0.3626.109 Safari/537.36"
::ffff:127.0.0.1 - - [07/Apr/2019:03:02:34 +0000] "GET /admin/menu HTTP/1.1" 302 58 "http://localhost:8080/admin/index" "Mozilla/5.0 (Windows NT 10.0; Win64; x64) AppleWebKit/537.36 (KHTML, like Gecko) Chrome/72.0.3626.109 Safari/537.36"
::ffff:127.0.0.1 - - [07/Apr/2019:03:02:34 +0000] "GET /admin/login HTTP/1.1" 304 - "http://localhost:8080/admin/index" "Mozilla/5.0 (Windows NT 10.0; Win64; x64) AppleWebKit/537.36 (KHTML, like Gecko) Chrome/72.0.3626.109 Safari/537.36"
::1 - - [07/Apr/2019:06:46:19 +0000] "GET /admin/login HTTP/1.1" 200 1449 "-" "Mozilla/5.0 (Windows NT 10.0; Win64; x64) AppleWebKit/537.36 (KHTML, like Gecko) Chrome/72.0.3626.109 Safari/537.36"
::1 - - [07/Apr/2019:06:46:28 +0000] "POST /admin/login HTTP/1.1" 200 33 "http://localhost:8080/admin/login" "Mozilla/5.0 (Windows NT 10.0; Win64; x64) AppleWebKit/537.36 (KHTML, like Gecko) Chrome/72.0.3626.109 Safari/537.36"
::1 - - [07/Apr/2019:06:46:28 +0000] "GET /admin/index HTTP/1.1" 304 - "http://localhost:8080/admin/login" "Mozilla/5.0 (Windows NT 10.0; Win64; x64) AppleWebKit/537.36 (KHTML, like Gecko) Chrome/72.0.3626.109 Safari/537.36"
::ffff:127.0.0.1 - - [07/Apr/2019:06:46:30 +0000] "GET /admin/menu HTTP/1.1" 200 1525 "http://localhost:8080/admin/index" "Mozilla/5.0 (Windows NT 10.0; Win64; x64) AppleWebKit/537.36 (KHTML, like Gecko) Chrome/72.0.3626.109 Safari/537.36"
::ffff:127.0.0.1 - - [07/Apr/2019:06:46:31 +0000] "POST /admin/getmenu HTTP/1.1" 200 1745 "http://127.0.0.1:8080/admin/menu" "Mozilla/5.0 (Windows NT 10.0; Win64; x64) AppleWebKit/537.36 (KHTML, like Gecko) Chrome/72.0.3626.109 Safari/537.36"
::1 - - [07/Apr/2019:06:54:08 +0000] "GET /admin/index HTTP/1.1" 200 8291 "http://localhost:8080/admin/login" "Mozilla/5.0 (Windows NT 10.0; Win64; x64) AppleWebKit/537.36 (KHTML, like Gecko) Chrome/72.0.3626.109 Safari/537.36"
::ffff:127.0.0.1 - - [07/Apr/2019:06:54:10 +0000] "GET /admin/power_limits HTTP/1.1" 404 157 "http://localhost:8080/admin/index" "Mozilla/5.0 (Windows NT 10.0; Win64; x64) AppleWebKit/537.36 (KHTML, like Gecko) Chrome/72.0.3626.109 Safari/537.36"
::1 - - [07/Apr/2019:06:58:34 +0000] "GET /admin/index HTTP/1.1" 304 - "-" "Mozilla/5.0 (Windows NT 10.0; Win64; x64) AppleWebKit/537.36 (KHTML, like Gecko) Chrome/72.0.3626.109 Safari/537.36"
::ffff:127.0.0.1 - - [07/Apr/2019:06:58:36 +0000] "GET /admin/power_limits HTTP/1.1" 404 157 "http://localhost:8080/admin/index" "Mozilla/5.0 (Windows NT 10.0; Win64; x64) AppleWebKit/537.36 (KHTML, like Gecko) Chrome/72.0.3626.109 Safari/537.36"
::1 - - [07/Apr/2019:06:59:30 +0000] "GET /admin/index HTTP/1.1" 304 - "-" "Mozilla/5.0 (Windows NT 10.0; Win64; x64) AppleWebKit/537.36 (KHTML, like Gecko) Chrome/72.0.3626.109 Safari/537.36"
::ffff:127.0.0.1 - - [07/Apr/2019:06:59:34 +0000] "GET /admin/power_limits HTTP/1.1" 200 469 "http://localhost:8080/admin/index" "Mozilla/5.0 (Windows NT 10.0; Win64; x64) AppleWebKit/537.36 (KHTML, like Gecko) Chrome/72.0.3626.109 Safari/537.36"
::ffff:127.0.0.1 - - [07/Apr/2019:07:03:12 +0000] "GET /admin/menu HTTP/1.1" 304 - "http://localhost:8080/admin/index" "Mozilla/5.0 (Windows NT 10.0; Win64; x64) AppleWebKit/537.36 (KHTML, like Gecko) Chrome/72.0.3626.109 Safari/537.36"
::ffff:127.0.0.1 - - [07/Apr/2019:07:03:12 +0000] "POST /admin/getmenu HTTP/1.1" 200 1785 "http://127.0.0.1:8080/admin/menu" "Mozilla/5.0 (Windows NT 10.0; Win64; x64) AppleWebKit/537.36 (KHTML, like Gecko) Chrome/72.0.3626.109 Safari/537.36"
::1 - - [07/Apr/2019:07:04:27 +0000] "GET /admin/hahaha HTTP/1.1" 404 151 "http://localhost:8080/admin/index" "Mozilla/5.0 (Windows NT 10.0; Win64; x64) AppleWebKit/537.36 (KHTML, like Gecko) Chrome/72.0.3626.109 Safari/537.36"
::1 - - [07/Apr/2019:07:04:44 +0000] "GET /admin/undefined HTTP/1.1" 404 154 "http://localhost:8080/admin/index" "Mozilla/5.0 (Windows NT 10.0; Win64; x64) AppleWebKit/537.36 (KHTML, like Gecko) Chrome/72.0.3626.109 Safari/537.36"
::1 - - [07/Apr/2019:07:04:44 +0000] "GET /admin/index HTTP/1.1" 304 - "http://localhost:8080/admin/index" "Mozilla/5.0 (Windows NT 10.0; Win64; x64) AppleWebKit/537.36 (KHTML, like Gecko) Chrome/72.0.3626.109 Safari/537.36"
::ffff:127.0.0.1 - - [07/Apr/2019:07:08:30 +0000] "GET /admin/menu HTTP/1.1" 304 - "http://localhost:8080/admin/index" "Mozilla/5.0 (Windows NT 10.0; Win64; x64) AppleWebKit/537.36 (KHTML, like Gecko) Chrome/72.0.3626.109 Safari/537.36"
::ffff:127.0.0.1 - - [07/Apr/2019:07:08:30 +0000] "POST /admin/getmenu HTTP/1.1" 200 1785 "http://127.0.0.1:8080/admin/menu" "Mozilla/5.0 (Windows NT 10.0; Win64; x64) AppleWebKit/537.36 (KHTML, like Gecko) Chrome/72.0.3626.109 Safari/537.36"
::ffff:127.0.0.1 - - [07/Apr/2019:07:08:31 +0000] "GET /admin/power_limits HTTP/1.1" 304 - "http://localhost:8080/admin/index" "Mozilla/5.0 (Windows NT 10.0; Win64; x64) AppleWebKit/537.36 (KHTML, like Gecko) Chrome/72.0.3626.109 Safari/537.36"
::1 - - [07/Apr/2019:07:10:34 +0000] "GET /admin/index HTTP/1.1" 500 1928 "http://localhost:8080/admin/index" "Mozilla/5.0 (Windows NT 10.0; Win64; x64) AppleWebKit/537.36 (KHTML, like Gecko) Chrome/72.0.3626.109 Safari/537.36"
::1 - - [07/Apr/2019:07:11:38 +0000] "GET /admin/ HTTP/1.1" 404 145 "-" "Mozilla/5.0 (Windows NT 10.0; Win64; x64) AppleWebKit/537.36 (KHTML, like Gecko) Chrome/72.0.3626.109 Safari/537.36"
::1 - - [07/Apr/2019:07:11:42 +0000] "GET /admin/index HTTP/1.1" 500 1928 "-" "Mozilla/5.0 (Windows NT 10.0; Win64; x64) AppleWebKit/537.36 (KHTML, like Gecko) Chrome/72.0.3626.109 Safari/537.36"
::1 - - [07/Apr/2019:07:11:48 +0000] "GET /admin/login HTTP/1.1" 200 1449 "-" "Mozilla/5.0 (Windows NT 10.0; Win64; x64) AppleWebKit/537.36 (KHTML, like Gecko) Chrome/72.0.3626.109 Safari/537.36"
::1 - - [07/Apr/2019:07:11:55 +0000] "POST /admin/login HTTP/1.1" 200 33 "http://localhost:8080/admin/login" "Mozilla/5.0 (Windows NT 10.0; Win64; x64) AppleWebKit/537.36 (KHTML, like Gecko) Chrome/72.0.3626.109 Safari/537.36"
::1 - - [07/Apr/2019:07:11:55 +0000] "GET /admin/index HTTP/1.1" 200 8291 "http://localhost:8080/admin/login" "Mozilla/5.0 (Windows NT 10.0; Win64; x64) AppleWebKit/537.36 (KHTML, like Gecko) Chrome/72.0.3626.109 Safari/537.36"
::ffff:127.0.0.1 - - [07/Apr/2019:07:12:00 +0000] "GET /admin/power_limits HTTP/1.1" 200 770 "http://localhost:8080/admin/index" "Mozilla/5.0 (Windows NT 10.0; Win64; x64) AppleWebKit/537.36 (KHTML, like Gecko) Chrome/72.0.3626.109 Safari/537.36"
::1 - - [07/Apr/2019:07:15:35 +0000] "GET /admin/index HTTP/1.1" 304 - "http://localhost:8080/admin/login" "Mozilla/5.0 (Windows NT 10.0; Win64; x64) AppleWebKit/537.36 (KHTML, like Gecko) Chrome/72.0.3626.109 Safari/537.36"
::ffff:127.0.0.1 - - [07/Apr/2019:07:15:36 +0000] "GET /admin/power_limits HTTP/1.1" 200 740 "http://localhost:8080/admin/index" "Mozilla/5.0 (Windows NT 10.0; Win64; x64) AppleWebKit/537.36 (KHTML, like Gecko) Chrome/72.0.3626.109 Safari/537.36"
::1 - - [07/Apr/2019:07:15:55 +0000] "GET /admin/index HTTP/1.1" 304 - "http://localhost:8080/admin/login" "Mozilla/5.0 (Windows NT 10.0; Win64; x64) AppleWebKit/537.36 (KHTML, like Gecko) Chrome/72.0.3626.109 Safari/537.36"
::ffff:127.0.0.1 - - [07/Apr/2019:07:15:56 +0000] "GET /admin/power_limits HTTP/1.1" 200 740 "http://localhost:8080/admin/index" "Mozilla/5.0 (Windows NT 10.0; Win64; x64) AppleWebKit/537.36 (KHTML, like Gecko) Chrome/72.0.3626.109 Safari/537.36"
::ffff:127.0.0.1 - - [07/Apr/2019:07:18:24 +0000] "GET /admin/menu HTTP/1.1" 200 1521 "http://localhost:8080/admin/index" "Mozilla/5.0 (Windows NT 10.0; Win64; x64) AppleWebKit/537.36 (KHTML, like Gecko) Chrome/72.0.3626.109 Safari/537.36"
::ffff:127.0.0.1 - - [07/Apr/2019:07:18:24 +0000] "POST /admin/getmenu HTTP/1.1" 200 1785 "http://127.0.0.1:8080/admin/menu" "Mozilla/5.0 (Windows NT 10.0; Win64; x64) AppleWebKit/537.36 (KHTML, like Gecko) Chrome/72.0.3626.109 Safari/537.36"
::1 - - [07/Apr/2019:07:31:53 +0000] "GET /admin/index HTTP/1.1" 304 - "http://localhost:8080/admin/login" "Mozilla/5.0 (Windows NT 10.0; Win64; x64) AppleWebKit/537.36 (KHTML, like Gecko) Chrome/72.0.3626.109 Safari/537.36"
::ffff:127.0.0.1 - - [07/Apr/2019:07:31:54 +0000] "GET /admin/power_limits HTTP/1.1" 200 2300 "http://localhost:8080/admin/index" "Mozilla/5.0 (Windows NT 10.0; Win64; x64) AppleWebKit/537.36 (KHTML, like Gecko) Chrome/72.0.3626.109 Safari/537.36"
::1 - - [07/Apr/2019:07:32:36 +0000] "GET /admin/index HTTP/1.1" 500 1928 "http://localhost:8080/admin/login" "Mozilla/5.0 (Windows NT 10.0; Win64; x64) AppleWebKit/537.36 (KHTML, like Gecko) Chrome/72.0.3626.109 Safari/537.36"
::1 - - [07/Apr/2019:07:32:40 +0000] "GET /admin/login HTTP/1.1" 200 1449 "-" "Mozilla/5.0 (Windows NT 10.0; Win64; x64) AppleWebKit/537.36 (KHTML, like Gecko) Chrome/72.0.3626.109 Safari/537.36"
::1 - - [07/Apr/2019:07:33:04 +0000] "POST /admin/login HTTP/1.1" 200 33 "http://localhost:8080/admin/login" "Mozilla/5.0 (Windows NT 10.0; Win64; x64) AppleWebKit/537.36 (KHTML, like Gecko) Chrome/72.0.3626.109 Safari/537.36"
::1 - - [07/Apr/2019:07:33:04 +0000] "GET /admin/index HTTP/1.1" 200 8291 "http://localhost:8080/admin/login" "Mozilla/5.0 (Windows NT 10.0; Win64; x64) AppleWebKit/537.36 (KHTML, like Gecko) Chrome/72.0.3626.109 Safari/537.36"
::ffff:127.0.0.1 - - [07/Apr/2019:07:33:05 +0000] "GET /admin/power_limits HTTP/1.1" 200 2363 "http://localhost:8080/admin/index" "Mozilla/5.0 (Windows NT 10.0; Win64; x64) AppleWebKit/537.36 (KHTML, like Gecko) Chrome/72.0.3626.109 Safari/537.36"
::1 - - [07/Apr/2019:07:34:52 +0000] "GET /admin/index HTTP/1.1" 304 - "http://localhost:8080/admin/login" "Mozilla/5.0 (Windows NT 10.0; Win64; x64) AppleWebKit/537.36 (KHTML, like Gecko) Chrome/72.0.3626.109 Safari/537.36"
::ffff:127.0.0.1 - - [07/Apr/2019:07:34:53 +0000] "GET /admin/power_limits HTTP/1.1" 200 2363 "http://localhost:8080/admin/index" "Mozilla/5.0 (Windows NT 10.0; Win64; x64) AppleWebKit/537.36 (KHTML, like Gecko) Chrome/72.0.3626.109 Safari/537.36"
::1 - - [07/Apr/2019:07:35:52 +0000] "GET /admin/index HTTP/1.1" 304 - "http://localhost:8080/admin/login" "Mozilla/5.0 (Windows NT 10.0; Win64; x64) AppleWebKit/537.36 (KHTML, like Gecko) Chrome/72.0.3626.109 Safari/537.36"
::ffff:127.0.0.1 - - [07/Apr/2019:07:35:53 +0000] "GET /admin/power_limits HTTP/1.1" 200 2378 "http://localhost:8080/admin/index" "Mozilla/5.0 (Windows NT 10.0; Win64; x64) AppleWebKit/537.36 (KHTML, like Gecko) Chrome/72.0.3626.109 Safari/537.36"
::ffff:127.0.0.1 - - [07/Apr/2019:07:38:31 +0000] "GET /admin/menu HTTP/1.1" 304 - "http://localhost:8080/admin/index" "Mozilla/5.0 (Windows NT 10.0; Win64; x64) AppleWebKit/537.36 (KHTML, like Gecko) Chrome/72.0.3626.109 Safari/537.36"
::ffff:127.0.0.1 - - [07/Apr/2019:07:38:31 +0000] "POST /admin/getmenu HTTP/1.1" 200 1785 "http://127.0.0.1:8080/admin/menu" "Mozilla/5.0 (Windows NT 10.0; Win64; x64) AppleWebKit/537.36 (KHTML, like Gecko) Chrome/72.0.3626.109 Safari/537.36"
::1 - - [07/Apr/2019:07:46:41 +0000] "GET /admin/index HTTP/1.1" 304 - "http://localhost:8080/admin/login" "Mozilla/5.0 (Windows NT 10.0; Win64; x64) AppleWebKit/537.36 (KHTML, like Gecko) Chrome/72.0.3626.109 Safari/537.36"
::ffff:127.0.0.1 - - [07/Apr/2019:07:46:43 +0000] "GET /admin/menu HTTP/1.1" 304 - "http://localhost:8080/admin/index" "Mozilla/5.0 (Windows NT 10.0; Win64; x64) AppleWebKit/537.36 (KHTML, like Gecko) Chrome/72.0.3626.109 Safari/537.36"
::ffff:127.0.0.1 - - [07/Apr/2019:07:46:43 +0000] "POST /admin/getmenu HTTP/1.1" 200 1785 "http://127.0.0.1:8080/admin/menu" "Mozilla/5.0 (Windows NT 10.0; Win64; x64) AppleWebKit/537.36 (KHTML, like Gecko) Chrome/72.0.3626.109 Safari/537.36"
::1 - - [07/Apr/2019:07:47:19 +0000] "GET /admin/getMenus HTTP/1.1" 404 153 "-" "PostmanRuntime/3.0.9"
::ffff:127.0.0.1 - - [07/Apr/2019:07:47:56 +0000] "GET /admin/getMenus HTTP/1.1" 200 1739 "-" "PostmanRuntime/3.0.9"
::1 - - [07/Apr/2019:07:59:54 +0000] "GET /admin/index HTTP/1.1" 500 1928 "http://localhost:8080/admin/login" "Mozilla/5.0 (Windows NT 10.0; Win64; x64) AppleWebKit/537.36 (KHTML, like Gecko) Chrome/72.0.3626.109 Safari/537.36"
::1 - - [07/Apr/2019:07:59:58 +0000] "GET /admin/ HTTP/1.1" 404 145 "-" "Mozilla/5.0 (Windows NT 10.0; Win64; x64) AppleWebKit/537.36 (KHTML, like Gecko) Chrome/72.0.3626.109 Safari/537.36"
::1 - - [07/Apr/2019:08:00:01 +0000] "GET /admin/login HTTP/1.1" 200 1449 "-" "Mozilla/5.0 (Windows NT 10.0; Win64; x64) AppleWebKit/537.36 (KHTML, like Gecko) Chrome/72.0.3626.109 Safari/537.36"
::1 - - [07/Apr/2019:08:00:08 +0000] "POST /admin/login HTTP/1.1" 200 33 "http://localhost:8080/admin/login" "Mozilla/5.0 (Windows NT 10.0; Win64; x64) AppleWebKit/537.36 (KHTML, like Gecko) Chrome/72.0.3626.109 Safari/537.36"
::1 - - [07/Apr/2019:08:00:08 +0000] "GET /admin/index HTTP/1.1" 200 8291 "http://localhost:8080/admin/login" "Mozilla/5.0 (Windows NT 10.0; Win64; x64) AppleWebKit/537.36 (KHTML, like Gecko) Chrome/72.0.3626.109 Safari/537.36"
::1 - - [07/Apr/2019:08:00:12 +0000] "GET /admin/getMenus HTTP/1.1" 200 1757 "-" "PostmanRuntime/3.0.9"
::1 - - [07/Apr/2019:08:07:48 +0000] "GET /admin/index HTTP/1.1" 304 - "http://localhost:8080/admin/login" "Mozilla/5.0 (Windows NT 10.0; Win64; x64) AppleWebKit/537.36 (KHTML, like Gecko) Chrome/72.0.3626.109 Safari/537.36"
::ffff:127.0.0.1 - - [07/Apr/2019:08:07:50 +0000] "GET /admin/power_limits HTTP/1.1" 304 - "http://localhost:8080/admin/index" "Mozilla/5.0 (Windows NT 10.0; Win64; x64) AppleWebKit/537.36 (KHTML, like Gecko) Chrome/72.0.3626.109 Safari/537.36"
::1 - - [07/Apr/2019:08:08:34 +0000] "GET /admin/index HTTP/1.1" 304 - "http://localhost:8080/admin/login" "Mozilla/5.0 (Windows NT 10.0; Win64; x64) AppleWebKit/537.36 (KHTML, like Gecko) Chrome/72.0.3626.109 Safari/537.36"
::ffff:127.0.0.1 - - [07/Apr/2019:08:08:36 +0000] "GET /admin/power_limits HTTP/1.1" 200 2410 "http://localhost:8080/admin/index" "Mozilla/5.0 (Windows NT 10.0; Win64; x64) AppleWebKit/537.36 (KHTML, like Gecko) Chrome/72.0.3626.109 Safari/537.36"
::1 - - [07/Apr/2019:08:08:36 +0000] "GET /admin/getMenus HTTP/1.1" 200 1996 "http://127.0.0.1:8080/admin/power_limits" "Mozilla/5.0 (Windows NT 10.0; Win64; x64) AppleWebKit/537.36 (KHTML, like Gecko) Chrome/72.0.3626.109 Safari/537.36"
::1 - - [07/Apr/2019:08:09:14 +0000] "GET /admin/getMenus HTTP/1.1" 200 1996 "-" "PostmanRuntime/3.0.9"
::1 - - [07/Apr/2019:08:11:15 +0000] "GET /admin/index HTTP/1.1" 304 - "http://localhost:8080/admin/login" "Mozilla/5.0 (Windows NT 10.0; Win64; x64) AppleWebKit/537.36 (KHTML, like Gecko) Chrome/72.0.3626.109 Safari/537.36"
::ffff:127.0.0.1 - - [07/Apr/2019:08:11:16 +0000] "GET /admin/power_limits HTTP/1.1" 200 2410 "http://localhost:8080/admin/index" "Mozilla/5.0 (Windows NT 10.0; Win64; x64) AppleWebKit/537.36 (KHTML, like Gecko) Chrome/72.0.3626.109 Safari/537.36"
::ffff:127.0.0.1 - - [07/Apr/2019:08:11:17 +0000] "GET /admin/getMenus HTTP/1.1" 200 1996 "http://127.0.0.1:8080/admin/power_limits" "Mozilla/5.0 (Windows NT 10.0; Win64; x64) AppleWebKit/537.36 (KHTML, like Gecko) Chrome/72.0.3626.109 Safari/537.36"
::1 - - [07/Apr/2019:08:12:01 +0000] "GET /admin/index HTTP/1.1" 304 - "http://localhost:8080/admin/login" "Mozilla/5.0 (Windows NT 10.0; Win64; x64) AppleWebKit/537.36 (KHTML, like Gecko) Chrome/72.0.3626.109 Safari/537.36"
::1 - - [07/Apr/2019:08:12:16 +0000] "GET /admin/index HTTP/1.1" 304 - "http://localhost:8080/admin/login" "Mozilla/5.0 (Windows NT 10.0; Win64; x64) AppleWebKit/537.36 (KHTML, like Gecko) Chrome/72.0.3626.109 Safari/537.36"
::ffff:127.0.0.1 - - [07/Apr/2019:08:12:17 +0000] "GET /admin/power_limits HTTP/1.1" 200 1372 "http://localhost:8080/admin/index" "Mozilla/5.0 (Windows NT 10.0; Win64; x64) AppleWebKit/537.36 (KHTML, like Gecko) Chrome/72.0.3626.109 Safari/537.36"
::ffff:127.0.0.1 - - [07/Apr/2019:08:12:18 +0000] "GET /admin/getMenus HTTP/1.1" 304 - "http://127.0.0.1:8080/admin/power_limits" "Mozilla/5.0 (Windows NT 10.0; Win64; x64) AppleWebKit/537.36 (KHTML, like Gecko) Chrome/72.0.3626.109 Safari/537.36"
::1 - - [07/Apr/2019:08:12:43 +0000] "GET /admin/index HTTP/1.1" 304 - "http://localhost:8080/admin/login" "Mozilla/5.0 (Windows NT 10.0; Win64; x64) AppleWebKit/537.36 (KHTML, like Gecko) Chrome/72.0.3626.109 Safari/537.36"
::ffff:127.0.0.1 - - [07/Apr/2019:08:12:45 +0000] "GET /admin/power_limits HTTP/1.1" 200 1318 "http://localhost:8080/admin/index" "Mozilla/5.0 (Windows NT 10.0; Win64; x64) AppleWebKit/537.36 (KHTML, like Gecko) Chrome/72.0.3626.109 Safari/537.36"
::ffff:127.0.0.1 - - [07/Apr/2019:08:12:45 +0000] "GET /admin/getMenus HTTP/1.1" 304 - "http://127.0.0.1:8080/admin/power_limits" "Mozilla/5.0 (Windows NT 10.0; Win64; x64) AppleWebKit/537.36 (KHTML, like Gecko) Chrome/72.0.3626.109 Safari/537.36"
::1 - - [07/Apr/2019:08:12:54 +0000] "GET /admin/index HTTP/1.1" 304 - "http://localhost:8080/admin/login" "Mozilla/5.0 (Windows NT 10.0; Win64; x64) AppleWebKit/537.36 (KHTML, like Gecko) Chrome/72.0.3626.109 Safari/537.36"
::ffff:127.0.0.1 - - [07/Apr/2019:08:12:55 +0000] "GET /admin/power_limits HTTP/1.1" 200 1327 "http://localhost:8080/admin/index" "Mozilla/5.0 (Windows NT 10.0; Win64; x64) AppleWebKit/537.36 (KHTML, like Gecko) Chrome/72.0.3626.109 Safari/537.36"
::1 - - [07/Apr/2019:08:13:24 +0000] "GET /admin/index HTTP/1.1" 304 - "http://localhost:8080/admin/login" "Mozilla/5.0 (Windows NT 10.0; Win64; x64) AppleWebKit/537.36 (KHTML, like Gecko) Chrome/72.0.3626.109 Safari/537.36"
::ffff:127.0.0.1 - - [07/Apr/2019:08:13:25 +0000] "GET /admin/power_limits HTTP/1.1" 200 1306 "http://localhost:8080/admin/index" "Mozilla/5.0 (Windows NT 10.0; Win64; x64) AppleWebKit/537.36 (KHTML, like Gecko) Chrome/72.0.3626.109 Safari/537.36"
::ffff:127.0.0.1 - - [07/Apr/2019:08:13:26 +0000] "GET /admin/getMenus HTTP/1.1" 304 - "http://127.0.0.1:8080/admin/power_limits" "Mozilla/5.0 (Windows NT 10.0; Win64; x64) AppleWebKit/537.36 (KHTML, like Gecko) Chrome/72.0.3626.109 Safari/537.36"
::1 - - [07/Apr/2019:08:14:47 +0000] "GET /admin/index HTTP/1.1" 304 - "http://localhost:8080/admin/login" "Mozilla/5.0 (Windows NT 10.0; Win64; x64) AppleWebKit/537.36 (KHTML, like Gecko) Chrome/72.0.3626.109 Safari/537.36"
::ffff:127.0.0.1 - - [07/Apr/2019:08:14:48 +0000] "GET /admin/power_limits HTTP/1.1" 200 2353 "http://localhost:8080/admin/index" "Mozilla/5.0 (Windows NT 10.0; Win64; x64) AppleWebKit/537.36 (KHTML, like Gecko) Chrome/72.0.3626.109 Safari/537.36"
::1 - - [07/Apr/2019:08:15:22 +0000] "GET /admin/index HTTP/1.1" 304 - "http://localhost:8080/admin/login" "Mozilla/5.0 (Windows NT 10.0; Win64; x64) AppleWebKit/537.36 (KHTML, like Gecko) Chrome/72.0.3626.109 Safari/537.36"
::ffff:127.0.0.1 - - [07/Apr/2019:08:15:23 +0000] "GET /admin/power_limits HTTP/1.1" 200 2353 "http://localhost:8080/admin/index" "Mozilla/5.0 (Windows NT 10.0; Win64; x64) AppleWebKit/537.36 (KHTML, like Gecko) Chrome/72.0.3626.109 Safari/537.36"
::1 - - [07/Apr/2019:08:16:00 +0000] "GET /admin/index HTTP/1.1" 304 - "http://localhost:8080/admin/login" "Mozilla/5.0 (Windows NT 10.0; Win64; x64) AppleWebKit/537.36 (KHTML, like Gecko) Chrome/72.0.3626.109 Safari/537.36"
::ffff:127.0.0.1 - - [07/Apr/2019:08:16:03 +0000] "GET /admin/power_limits HTTP/1.1" 200 2353 "http://localhost:8080/admin/index" "Mozilla/5.0 (Windows NT 10.0; Win64; x64) AppleWebKit/537.36 (KHTML, like Gecko) Chrome/72.0.3626.109 Safari/537.36"
::1 - - [07/Apr/2019:08:18:25 +0000] "GET /admin/index HTTP/1.1" 304 - "http://localhost:8080/admin/login" "Mozilla/5.0 (Windows NT 10.0; Win64; x64) AppleWebKit/537.36 (KHTML, like Gecko) Chrome/72.0.3626.109 Safari/537.36"
::1 - - [07/Apr/2019:08:18:27 +0000] "GET /admin/index HTTP/1.1" 304 - "http://localhost:8080/admin/login" "Mozilla/5.0 (Windows NT 10.0; Win64; x64) AppleWebKit/537.36 (KHTML, like Gecko) Chrome/72.0.3626.109 Safari/537.36"
::ffff:127.0.0.1 - - [07/Apr/2019:08:18:40 +0000] "GET /admin/menu HTTP/1.1" 304 - "http://localhost:8080/admin/index" "Mozilla/5.0 (Windows NT 10.0; Win64; x64) AppleWebKit/537.36 (KHTML, like Gecko) Chrome/72.0.3626.109 Safari/537.36"
::ffff:127.0.0.1 - - [07/Apr/2019:08:18:41 +0000] "POST /admin/getmenu HTTP/1.1" 200 1785 "http://127.0.0.1:8080/admin/menu" "Mozilla/5.0 (Windows NT 10.0; Win64; x64) AppleWebKit/537.36 (KHTML, like Gecko) Chrome/72.0.3626.109 Safari/537.36"
::ffff:127.0.0.1 - - [07/Apr/2019:08:18:43 +0000] "GET /admin/power_limits HTTP/1.1" 304 - "http://localhost:8080/admin/index" "Mozilla/5.0 (Windows NT 10.0; Win64; x64) AppleWebKit/537.36 (KHTML, like Gecko) Chrome/72.0.3626.109 Safari/537.36"
::1 - - [07/Apr/2019:08:20:28 +0000] "GET /admin/index HTTP/1.1" 500 1928 "http://localhost:8080/admin/login" "Mozilla/5.0 (Windows NT 10.0; Win64; x64) AppleWebKit/537.36 (KHTML, like Gecko) Chrome/72.0.3626.109 Safari/537.36"
::1 - - [07/Apr/2019:08:21:07 +0000] "GET /admin/login HTTP/1.1" 200 1449 "-" "Mozilla/5.0 (Windows NT 10.0; Win64; x64) AppleWebKit/537.36 (KHTML, like Gecko) Chrome/72.0.3626.109 Safari/537.36"
::1 - - [07/Apr/2019:08:21:13 +0000] "POST /admin/login HTTP/1.1" 200 33 "http://localhost:8080/admin/login" "Mozilla/5.0 (Windows NT 10.0; Win64; x64) AppleWebKit/537.36 (KHTML, like Gecko) Chrome/72.0.3626.109 Safari/537.36"
::1 - - [07/Apr/2019:08:21:13 +0000] "GET /admin/index HTTP/1.1" 200 8291 "http://localhost:8080/admin/login" "Mozilla/5.0 (Windows NT 10.0; Win64; x64) AppleWebKit/537.36 (KHTML, like Gecko) Chrome/72.0.3626.109 Safari/537.36"
::ffff:127.0.0.1 - - [07/Apr/2019:08:21:14 +0000] "GET /admin/menu HTTP/1.1" 304 - "http://localhost:8080/admin/index" "Mozilla/5.0 (Windows NT 10.0; Win64; x64) AppleWebKit/537.36 (KHTML, like Gecko) Chrome/72.0.3626.109 Safari/537.36"
::ffff:127.0.0.1 - - [07/Apr/2019:08:21:15 +0000] "POST /admin/getmenu HTTP/1.1" 200 1785 "http://127.0.0.1:8080/admin/menu" "Mozilla/5.0 (Windows NT 10.0; Win64; x64) AppleWebKit/537.36 (KHTML, like Gecko) Chrome/72.0.3626.109 Safari/537.36"
::ffff:127.0.0.1 - - [07/Apr/2019:08:21:18 +0000] "GET /admin/power_limits HTTP/1.1" 200 2365 "http://localhost:8080/admin/index" "Mozilla/5.0 (Windows NT 10.0; Win64; x64) AppleWebKit/537.36 (KHTML, like Gecko) Chrome/72.0.3626.109 Safari/537.36"
::1 - - [07/Apr/2019:08:21:48 +0000] "GET /admin/getMenus HTTP/1.1" 200 1996 "-" "PostmanRuntime/3.0.9"
::1 - - [07/Apr/2019:08:23:28 +0000] "GET /admin/index HTTP/1.1" 304 - "http://localhost:8080/admin/login" "Mozilla/5.0 (Windows NT 10.0; Win64; x64) AppleWebKit/537.36 (KHTML, like Gecko) Chrome/72.0.3626.109 Safari/537.36"
::ffff:127.0.0.1 - - [07/Apr/2019:08:23:30 +0000] "GET /admin/power_limits HTTP/1.1" 200 2276 "http://localhost:8080/admin/index" "Mozilla/5.0 (Windows NT 10.0; Win64; x64) AppleWebKit/537.36 (KHTML, like Gecko) Chrome/72.0.3626.109 Safari/537.36"
::1 - - [07/Apr/2019:08:24:32 +0000] "GET /admin/index HTTP/1.1" 304 - "http://localhost:8080/admin/login" "Mozilla/5.0 (Windows NT 10.0; Win64; x64) AppleWebKit/537.36 (KHTML, like Gecko) Chrome/72.0.3626.109 Safari/537.36"
::1 - - [07/Apr/2019:08:24:38 +0000] "GET /admin/getMenus HTTP/1.1" 304 - "-" "Mozilla/5.0 (Windows NT 10.0; Win64; x64) AppleWebKit/537.36 (KHTML, like Gecko) Chrome/72.0.3626.109 Safari/537.36"
::1 - - [07/Apr/2019:08:24:56 +0000] "GET /admin/power_limits HTTP/1.1" 200 2276 "-" "Mozilla/5.0 (Windows NT 10.0; Win64; x64) AppleWebKit/537.36 (KHTML, like Gecko) Chrome/72.0.3626.109 Safari/537.36"
::1 - - [07/Apr/2019:08:26:01 +0000] "GET /admin/power_limits HTTP/1.1" 200 2294 "-" "Mozilla/5.0 (Windows NT 10.0; Win64; x64) AppleWebKit/537.36 (KHTML, like Gecko) Chrome/72.0.3626.109 Safari/537.36"
::1 - - [07/Apr/2019:08:26:03 +0000] "GET /admin/power_limits HTTP/1.1" 304 - "-" "Mozilla/5.0 (Windows NT 10.0; Win64; x64) AppleWebKit/537.36 (KHTML, like Gecko) Chrome/72.0.3626.109 Safari/537.36"
::1 - - [07/Apr/2019:08:26:04 +0000] "GET /admin/power_limits HTTP/1.1" 304 - "-" "Mozilla/5.0 (Windows NT 10.0; Win64; x64) AppleWebKit/537.36 (KHTML, like Gecko) Chrome/72.0.3626.109 Safari/537.36"
::1 - - [07/Apr/2019:08:31:51 +0000] "GET /admin/power_limits HTTP/1.1" 200 2292 "-" "Mozilla/5.0 (Windows NT 10.0; Win64; x64) AppleWebKit/537.36 (KHTML, like Gecko) Chrome/72.0.3626.109 Safari/537.36"
::1 - - [07/Apr/2019:08:31:53 +0000] "GET /admin/power_limits HTTP/1.1" 304 - "-" "Mozilla/5.0 (Windows NT 10.0; Win64; x64) AppleWebKit/537.36 (KHTML, like Gecko) Chrome/72.0.3626.109 Safari/537.36"
::1 - - [07/Apr/2019:08:31:54 +0000] "GET /admin/power_limits HTTP/1.1" 304 - "-" "Mozilla/5.0 (Windows NT 10.0; Win64; x64) AppleWebKit/537.36 (KHTML, like Gecko) Chrome/72.0.3626.109 Safari/537.36"
::1 - - [07/Apr/2019:08:31:54 +0000] "GET /admin/power_limits HTTP/1.1" 304 - "-" "Mozilla/5.0 (Windows NT 10.0; Win64; x64) AppleWebKit/537.36 (KHTML, like Gecko) Chrome/72.0.3626.109 Safari/537.36"
::1 - - [07/Apr/2019:08:33:46 +0000] "GET /admin/power_limits HTTP/1.1" 200 2288 "-" "Mozilla/5.0 (Windows NT 10.0; Win64; x64) AppleWebKit/537.36 (KHTML, like Gecko) Chrome/72.0.3626.109 Safari/537.36"
::1 - - [07/Apr/2019:08:33:47 +0000] "GET /admin/power_limits HTTP/1.1" 304 - "-" "Mozilla/5.0 (Windows NT 10.0; Win64; x64) AppleWebKit/537.36 (KHTML, like Gecko) Chrome/72.0.3626.109 Safari/537.36"
::1 - - [07/Apr/2019:08:33:48 +0000] "GET /admin/power_limits HTTP/1.1" 304 - "-" "Mozilla/5.0 (Windows NT 10.0; Win64; x64) AppleWebKit/537.36 (KHTML, like Gecko) Chrome/72.0.3626.109 Safari/537.36"
::1 - - [07/Apr/2019:08:34:14 +0000] "GET /admin/power_limits HTTP/1.1" 200 2292 "-" "Mozilla/5.0 (Windows NT 10.0; Win64; x64) AppleWebKit/537.36 (KHTML, like Gecko) Chrome/72.0.3626.109 Safari/537.36"
::1 - - [07/Apr/2019:08:34:30 +0000] "GET /admin/power_limits HTTP/1.1" 304 - "-" "Mozilla/5.0 (Windows NT 10.0; Win64; x64) AppleWebKit/537.36 (KHTML, like Gecko) Chrome/72.0.3626.109 Safari/537.36"
::1 - - [07/Apr/2019:08:34:31 +0000] "GET /admin/power_limits HTTP/1.1" 304 - "-" "Mozilla/5.0 (Windows NT 10.0; Win64; x64) AppleWebKit/537.36 (KHTML, like Gecko) Chrome/72.0.3626.109 Safari/537.36"
::1 - - [07/Apr/2019:08:34:43 +0000] "GET /admin/power_limits HTTP/1.1" 200 2292 "-" "Mozilla/5.0 (Windows NT 10.0; Win64; x64) AppleWebKit/537.36 (KHTML, like Gecko) Chrome/72.0.3626.109 Safari/537.36"
::1 - - [07/Apr/2019:08:34:44 +0000] "GET /favicon.ico HTTP/1.1" 404 150 "http://localhost:8080/admin/power_limits" "Mozilla/5.0 (Windows NT 10.0; Win64; x64) AppleWebKit/537.36 (KHTML, like Gecko) Chrome/72.0.3626.109 Safari/537.36"
::1 - - [07/Apr/2019:08:34:44 +0000] "GET /admin/power_limits HTTP/1.1" 304 - "-" "Mozilla/5.0 (Windows NT 10.0; Win64; x64) AppleWebKit/537.36 (KHTML, like Gecko) Chrome/72.0.3626.109 Safari/537.36"
::1 - - [07/Apr/2019:23:47:07 +0000] "GET /admin/power_limits HTTP/1.1" 200 2290 "-" "Mozilla/5.0 (Windows NT 10.0; Win64; x64) AppleWebKit/537.36 (KHTML, like Gecko) Chrome/72.0.3626.109 Safari/537.36"
::1 - - [07/Apr/2019:23:47:12 +0000] "GET /admin/index HTTP/1.1" 500 1928 "-" "Mozilla/5.0 (Windows NT 10.0; Win64; x64) AppleWebKit/537.36 (KHTML, like Gecko) Chrome/72.0.3626.109 Safari/537.36"
::1 - - [07/Apr/2019:23:47:14 +0000] "GET /admin/indx HTTP/1.1" 404 149 "-" "Mozilla/5.0 (Windows NT 10.0; Win64; x64) AppleWebKit/537.36 (KHTML, like Gecko) Chrome/72.0.3626.109 Safari/537.36"
::1 - - [07/Apr/2019:23:47:34 +0000] "GET /admin/login HTTP/1.1" 200 1449 "-" "Mozilla/5.0 (Windows NT 10.0; Win64; x64) AppleWebKit/537.36 (KHTML, like Gecko) Chrome/72.0.3626.109 Safari/537.36"
::1 - - [07/Apr/2019:23:47:42 +0000] "POST /admin/login HTTP/1.1" 200 33 "http://localhost:8080/admin/login" "Mozilla/5.0 (Windows NT 10.0; Win64; x64) AppleWebKit/537.36 (KHTML, like Gecko) Chrome/72.0.3626.109 Safari/537.36"
::1 - - [07/Apr/2019:23:47:49 +0000] "GET /admin/login HTTP/1.1" 200 1449 "-" "Mozilla/5.0 (Windows NT 10.0; Win64; x64) AppleWebKit/537.36 (KHTML, like Gecko) Chrome/72.0.3626.109 Safari/537.36"
::1 - - [07/Apr/2019:23:47:58 +0000] "POST /admin/login HTTP/1.1" 200 33 "http://localhost:8080/admin/login" "Mozilla/5.0 (Windows NT 10.0; Win64; x64) AppleWebKit/537.36 (KHTML, like Gecko) Chrome/72.0.3626.109 Safari/537.36"
::1 - - [07/Apr/2019:23:47:58 +0000] "GET /admin/index HTTP/1.1" 200 8291 "http://localhost:8080/admin/login" "Mozilla/5.0 (Windows NT 10.0; Win64; x64) AppleWebKit/537.36 (KHTML, like Gecko) Chrome/72.0.3626.109 Safari/537.36"
::ffff:127.0.0.1 - - [07/Apr/2019:23:48:00 +0000] "GET /admin/power_limits HTTP/1.1" 200 2290 "http://localhost:8080/admin/index" "Mozilla/5.0 (Windows NT 10.0; Win64; x64) AppleWebKit/537.36 (KHTML, like Gecko) Chrome/72.0.3626.109 Safari/537.36"
::ffff:127.0.0.1 - - [07/Apr/2019:23:48:02 +0000] "GET /admin/menu HTTP/1.1" 200 1521 "http://localhost:8080/admin/index" "Mozilla/5.0 (Windows NT 10.0; Win64; x64) AppleWebKit/537.36 (KHTML, like Gecko) Chrome/72.0.3626.109 Safari/537.36"
::ffff:127.0.0.1 - - [07/Apr/2019:23:48:03 +0000] "POST /admin/getmenu HTTP/1.1" 200 1785 "http://127.0.0.1:8080/admin/menu" "Mozilla/5.0 (Windows NT 10.0; Win64; x64) AppleWebKit/537.36 (KHTML, like Gecko) Chrome/72.0.3626.109 Safari/537.36"
::1 - - [07/Apr/2019:23:54:20 +0000] "GET /admin/index HTTP/1.1" 304 - "http://localhost:8080/admin/login" "Mozilla/5.0 (Windows NT 10.0; Win64; x64) AppleWebKit/537.36 (KHTML, like Gecko) Chrome/72.0.3626.109 Safari/537.36"
::ffff:127.0.0.1 - - [07/Apr/2019:23:54:22 +0000] "GET /admin/power_limits HTTP/1.1" 200 537 "http://localhost:8080/admin/index" "Mozilla/5.0 (Windows NT 10.0; Win64; x64) AppleWebKit/537.36 (KHTML, like Gecko) Chrome/72.0.3626.109 Safari/537.36"
::1 - - [07/Apr/2019:23:55:01 +0000] "GET /admin/index HTTP/1.1" 304 - "http://localhost:8080/admin/login" "Mozilla/5.0 (Windows NT 10.0; Win64; x64) AppleWebKit/537.36 (KHTML, like Gecko) Chrome/72.0.3626.109 Safari/537.36"
::ffff:127.0.0.1 - - [07/Apr/2019:23:55:02 +0000] "GET /admin/power_limits HTTP/1.1" 200 1749 "http://localhost:8080/admin/index" "Mozilla/5.0 (Windows NT 10.0; Win64; x64) AppleWebKit/537.36 (KHTML, like Gecko) Chrome/72.0.3626.109 Safari/537.36"
::1 - - [07/Apr/2019:23:55:29 +0000] "GET /admin/index HTTP/1.1" 200 8291 "http://localhost:8080/admin/login" "Mozilla/5.0 (Windows NT 10.0; Win64; x64) AppleWebKit/537.36 (KHTML, like Gecko) Chrome/72.0.3626.109 Safari/537.36"
::ffff:127.0.0.1 - - [07/Apr/2019:23:55:31 +0000] "GET /admin/power_limits HTTP/1.1" 200 1749 "http://localhost:8080/admin/index" "Mozilla/5.0 (Windows NT 10.0; Win64; x64) AppleWebKit/537.36 (KHTML, like Gecko) Chrome/72.0.3626.109 Safari/537.36"
::1 - - [07/Apr/2019:23:55:49 +0000] "GET /favicon.ico HTTP/1.1" 404 150 "http://localhost:8080/admin/index" "Mozilla/5.0 (Windows NT 10.0; Win64; x64) AppleWebKit/537.36 (KHTML, like Gecko) Chrome/72.0.3626.109 Safari/537.36"
::1 - - [08/Apr/2019:00:18:35 +0000] "GET /admin/login HTTP/1.1" 200 1449 "-" "Mozilla/5.0 (Windows NT 10.0; Win64; x64) AppleWebKit/537.36 (KHTML, like Gecko) Chrome/72.0.3626.109 Safari/537.36"
::1 - - [08/Apr/2019:00:18:37 +0000] "GET /favicon.ico HTTP/1.1" 404 150 "http://localhost:8080/admin/login" "Mozilla/5.0 (Windows NT 10.0; Win64; x64) AppleWebKit/537.36 (KHTML, like Gecko) Chrome/72.0.3626.109 Safari/537.36"
::1 - - [08/Apr/2019:00:18:43 +0000] "POST /admin/login HTTP/1.1" 200 33 "http://localhost:8080/admin/login" "Mozilla/5.0 (Windows NT 10.0; Win64; x64) AppleWebKit/537.36 (KHTML, like Gecko) Chrome/72.0.3626.109 Safari/537.36"
::1 - - [08/Apr/2019:00:18:44 +0000] "GET /admin/index HTTP/1.1" 304 - "http://localhost:8080/admin/login" "Mozilla/5.0 (Windows NT 10.0; Win64; x64) AppleWebKit/537.36 (KHTML, like Gecko) Chrome/72.0.3626.109 Safari/537.36"
::ffff:127.0.0.1 - - [08/Apr/2019:00:18:48 +0000] "GET /admin/power_limits HTTP/1.1" 200 1768 "http://localhost:8080/admin/index" "Mozilla/5.0 (Windows NT 10.0; Win64; x64) AppleWebKit/537.36 (KHTML, like Gecko) Chrome/72.0.3626.109 Safari/537.36"
::1 - - [08/Apr/2019:00:22:38 +0000] "GET /admin/index HTTP/1.1" 304 - "http://localhost:8080/admin/login" "Mozilla/5.0 (Windows NT 10.0; Win64; x64) AppleWebKit/537.36 (KHTML, like Gecko) Chrome/72.0.3626.109 Safari/537.36"
::ffff:127.0.0.1 - - [08/Apr/2019:00:22:40 +0000] "GET /admin/power_limits HTTP/1.1" 200 1008 "http://localhost:8080/admin/index" "Mozilla/5.0 (Windows NT 10.0; Win64; x64) AppleWebKit/537.36 (KHTML, like Gecko) Chrome/72.0.3626.109 Safari/537.36"
::ffff:127.0.0.1 - - [08/Apr/2019:00:22:40 +0000] "GET /layui/css/layui.css HTTP/1.1" 404 158 "http://127.0.0.1:8080/admin/power_limits" "Mozilla/5.0 (Windows NT 10.0; Win64; x64) AppleWebKit/537.36 (KHTML, like Gecko) Chrome/72.0.3626.109 Safari/537.36"
::1 - - [08/Apr/2019:00:23:26 +0000] "GET /admin/index HTTP/1.1" 304 - "http://localhost:8080/admin/login" "Mozilla/5.0 (Windows NT 10.0; Win64; x64) AppleWebKit/537.36 (KHTML, like Gecko) Chrome/72.0.3626.109 Safari/537.36"
::ffff:127.0.0.1 - - [08/Apr/2019:00:23:29 +0000] "GET /admin/power_limits HTTP/1.1" 200 945 "http://localhost:8080/admin/index" "Mozilla/5.0 (Windows NT 10.0; Win64; x64) AppleWebKit/537.36 (KHTML, like Gecko) Chrome/72.0.3626.109 Safari/537.36"
::ffff:127.0.0.1 - - [08/Apr/2019:00:23:30 +0000] "GET /admin/menu HTTP/1.1" 304 - "http://localhost:8080/admin/index" "Mozilla/5.0 (Windows NT 10.0; Win64; x64) AppleWebKit/537.36 (KHTML, like Gecko) Chrome/72.0.3626.109 Safari/537.36"
::ffff:127.0.0.1 - - [08/Apr/2019:00:23:31 +0000] "POST /admin/getmenu HTTP/1.1" 200 1785 "http://127.0.0.1:8080/admin/menu" "Mozilla/5.0 (Windows NT 10.0; Win64; x64) AppleWebKit/537.36 (KHTML, like Gecko) Chrome/72.0.3626.109 Safari/537.36"
